	
	
	
	
 !"#$ !"#$ !"#$ !"#$%&'()**+,%&'()**+,%&'()**+,%&'()**+,-./012345678**+9-./012345678**+9-./012345678**+9-./012345678**+9::;0<=>?**@ABC::;0<=>?**@ABC::;0<=>?**@ABC::;0<=>?**@ABCDEEF>GHIJK*DEEF>GHIJK*DEEF>GHIJK*DEEF>GHIJK*LMMN>O)JK*LMMN>O)JK*LMMN>O)JK*LMMN>O)JK*%PQQQRSO)JTU%PQQQRSO)JTU%PQQQRSO)JTU%PQQQRSO)JTU%VWXXYYZ[)J\,%VWXXYYZ[)J\,%VWXXYYZ[)J\,%VWXXYYZ[)J\,%]^_`abc%]^_`abc%]^_`abc%]^_`abcdefghiiiiiijkdefghiiiiiijkdefghiiiiiijkdefghiiiiiijklmnoppqrs3tulmnoppqrs3tulmnoppqrs3tulmnoppqrs3tu*****vwC::::xyz*****vwC::::xyz*****vwC::::xyz*****vwC::::xyz***{|}~HHH|ÄÅÇ***{|}~HHH|ÄÅÇ***{|}~HHH|ÄÅÇ***{|}~HHH|ÄÅÇ***ÉQÑÖÜÜáàâä****ÉQÑÖÜÜáàâä****ÉQÑÖÜÜáàâä****ÉQÑÖÜÜáàâä*	
	
	
	
 !"#$ !"#$ !"#$ !"#$%&'()**+,%&'()**+,%&'()**+,%&'()**+,-./012345678**+9-./012345678**+9-./012345678**+9-./012345678**+9::;0<=>?**@ABC::;0<=>?**@ABC::;0<=>?**@ABC::;0<=>?**@ABCDEEF>GHIJK*DEEF>GHIJK*DEEF>GHIJK*DEEF>GHIJK*LMMN>O)JK*LMMN>O)JK*LMMN>O)JK*LMMN>O)JK*%PQQQRSO)JTU%PQQQRSO)JTU%PQQQRSO)JTU%PQQQRSO)JTU%VWXXYYZ[)J\,%VWXXYYZ[)J\,%VWXXYYZ[)J\,%VWXXYYZ[)J\,%]^_`abc%]^_`abc%]^_`abc%]^_`abcdefghiiiiiijkdefghiiiiiijkdefghiiiiiijkdefghiiiiiijklmnoppqrs3tulmnoppqrs3tulmnoppqrs3tulmnoppqrs3tu*****vwC::::xyz*****vwC::::xyz*****vwC::::xyz*****vwC::::xyz***{|}~HHH|ÄÅÇ***{|}~HHH|ÄÅÇ***{|}~HHH|ÄÅÇ***{|}~HHH|ÄÅÇ***ÉQÑÖÜÜáàâä****ÉQÑÖÜÜáàâä****ÉQÑÖÜÜáàâä****ÉQÑÖÜÜáàâä*	
	
	
	
 !"#$ !"#$ !"#$ !"#$%&'()**+,%&'()**+,%&'()**+,%&'()**+,-./012345678**+9-./012345678**+9-./012345678**+9-./012345678**+9::;0<=>?**@ABC::;0<=>?**@ABC::;0<=>?**@ABC::;0<=>?**@ABCDEEF>GHIJK*DEEF>GHIJK*DEEF>GHIJK*DEEF>GHIJK*LMMN>O)JK*LMMN>O)JK*LMMN>O)JK*LMMN>O)JK*%PQQQRSO)JTU%PQQQRSO)JTU%PQQQRSO)JTU%PQQQRSO)JTU%VWXXYYZ[)J\,%VWXXYYZ[)J\,%VWXXYYZ[)J\,%VWXXYYZ[)J\,%]^_`abc%]^_`abc%]^_`abc%]^_`abcdefghiiiiiijkdefghiiiiiijkdefghiiiiiijkdefghiiiiiijklmnoppqrs3tulmnoppqrs3tulmnoppqrs3tulmnoppqrs3tu*****vwC::::xyz*****vwC::::xyz*****vwC::::xyz*****vwC::::xyz***{|}~HHH|ÄÅÇ***{|}~HHH|ÄÅÇ***{|}~HHH|ÄÅÇ***{|}~HHH|ÄÅÇ***ÉQÑÖÜÜáàâä****ÉQÑÖÜÜáàâä****ÉQÑÖÜÜáàâä****ÉQÑÖÜÜáàâä*	
	
	
	
 !"#$ !"#$ !"#$ !"#$%&'()**+,%&'()**+,%&'()**+,%&'()**+,-./012345678**+9-./012345678**+9-./012345678**+9-./012345678**+9::;0<=>?**@ABC::;0<=>?**@ABC::;0<=>?**@ABC::;0<=>?**@ABCDEEF>GHIJK*DEEF>GHIJK*DEEF>GHIJK*DEEF>GHIJK*LMMN>O)JK*LMMN>O)JK*LMMN>O)JK*LMMN>O)JK*%PQQQRSO)JTU%PQQQRSO)JTU%PQQQRSO)JTU%PQQQRSO)JTU%VWXXYYZ[)J\,%VWXXYYZ[)J\,%VWXXYYZ[)J\,%VWXXYYZ[)J\,%]^_`abc%]^_`abc%]^_`abc%]^_`abcdefghiiiiiijkdefghiiiiiijkdefghiiiiiijkdefghiiiiiijklmnoppqrs3tulmnoppqrs3tulmnoppqrs3tulmnoppqrs3tu*****vwC::::xyz*****vwC::::xyz*****vwC::::xyz*****vwC::::xyz***{|}~HHH|ÄÅÇ***{|}~HHH|ÄÅÇ***{|}~HHH|ÄÅÇ***{|}~HHH|ÄÅÇ***ÉQÑÖÜÜáàâä****ÉQÑÖÜÜáàâä****ÉQÑÖÜÜáàâä****ÉQÑÖÜÜáàâä*