	
	
	
	
 !"#$%&'()*+ !"#$%&'()*+ !"#$%&'()*+ !"#$%&'()*+,-./0123456789:;,-./0123456789:;,-./0123456789:;,-./0123456789:;<=>?@ABCDEFGHIJK<=>?@ABCDEFGHIJK<=>?@ABCDEFGHIJK<=>?@ABCDEFGHIJKLMNOPQRSTUVWXYLMNOPQRSTUVWXYLMNOPQRSTUVWXYLMNOPQRSTUVWXYZ[\]^_`abcdefghiZ[\]^_`abcdefghiZ[\]^_`abcdefghiZ[\]^_`abcdefghijklmnopqqrstuvwxjklmnopqqrstuvwxjklmnopqqrstuvwxjklmnopqqrstuvwxyz{|}~€q‚ƒ„…†‡yz{|}~€q‚ƒ„…†‡yz{|}~€q‚ƒ„…†‡yz{|}~€q‚ƒ„…†‡‰‹q‘’“”•–‰‹q‘’“”•–‰‹q‘’“”•–‰‹q‘’“”•–—™› ΅Ά£—™› ΅Ά£—™› ΅Ά£—™› ΅Ά£¤¥¦§¨©ª«¬­®―°¤¥¦§¨©ª«¬­®―°¤¥¦§¨©ª«¬­®―°¤¥¦§¨©ª«¬­®―°±²³΄µ¶·ΈΉΊ»Ό½ΎΏ±²³΄µ¶·ΈΉΊ»Ό½ΎΏ±²³΄µ¶·ΈΉΊ»Ό½ΎΏ±²³΄µ¶·ΈΉΊ»Ό½ΎΏΐΑΒΓΔΕΖΗΘΙΚΛΜΝΞΐΑΒΓΔΕΖΗΘΙΚΛΜΝΞΐΑΒΓΔΕΖΗΘΙΚΛΜΝΞΐΑΒΓΔΕΖΗΘΙΚΛΜΝΞΟΠΡÒΣΤΥΦΧΨΩΪΫάέΟΠΡÒΣΤΥΦΧΨΩΪΫάέΟΠΡÒΣΤΥΦΧΨΩΪΫάέΟΠΡÒΣΤΥΦΧΨΩΪΫάέήίΰαβγδεζηθικλήίΰαβγδεζηθικλήίΰαβγδεζηθικλήίΰαβγδεζηθικλ	
	
	
	
 !"#$%&'()*+ !"#$%&'()*+ !"#$%&'()*+ !"#$%&'()*+,-./0123456789:;,-./0123456789:;,-./0123456789:;,-./0123456789:;<=>?@ABCDEFGHIJK<=>?@ABCDEFGHIJK<=>?@ABCDEFGHIJK<=>?@ABCDEFGHIJKLMNOPQRSTUVWXYLMNOPQRSTUVWXYLMNOPQRSTUVWXYLMNOPQRSTUVWXYZ[\]^_`abcdefghiZ[\]^_`abcdefghiZ[\]^_`abcdefghiZ[\]^_`abcdefghijklmnopqqrstuvwxjklmnopqqrstuvwxjklmnopqqrstuvwxjklmnopqqrstuvwxyz{|}~€q‚ƒ„…†‡yz{|}~€q‚ƒ„…†‡yz{|}~€q‚ƒ„…†‡yz{|}~€q‚ƒ„…†‡‰‹q‘’“”•–‰‹q‘’“”•–‰‹q‘’“”•–‰‹q‘’“”•–—™› ΅Ά£—™› ΅Ά£—™› ΅Ά£—™› ΅Ά£¤¥¦§¨©ª«¬­®―°¤¥¦§¨©ª«¬­®―°¤¥¦§¨©ª«¬­®―°¤¥¦§¨©ª«¬­®―°±²³΄µ¶·ΈΉΊ»Ό½ΎΏ±²³΄µ¶·ΈΉΊ»Ό½ΎΏ±²³΄µ¶·ΈΉΊ»Ό½ΎΏ±²³΄µ¶·ΈΉΊ»Ό½ΎΏΐΑΒΓΔΕΖΗΘΙΚΛΜΝΞΐΑΒΓΔΕΖΗΘΙΚΛΜΝΞΐΑΒΓΔΕΖΗΘΙΚΛΜΝΞΐΑΒΓΔΕΖΗΘΙΚΛΜΝΞΟΠΡÒΣΤΥΦΧΨΩΪΫάέΟΠΡÒΣΤΥΦΧΨΩΪΫάέΟΠΡÒΣΤΥΦΧΨΩΪΫάέΟΠΡÒΣΤΥΦΧΨΩΪΫάέήίΰαβγδεζηθικλήίΰαβγδεζηθικλήίΰαβγδεζηθικλήίΰαβγδεζηθικλ	
	
	
	
 !"#$%&'()*+ !"#$%&'()*+ !"#$%&'()*+ !"#$%&'()*+,-./0123456789:;,-./0123456789:;,-./0123456789:;,-./0123456789:;<=>?@ABCDEFGHIJK<=>?@ABCDEFGHIJK<=>?@ABCDEFGHIJK<=>?@ABCDEFGHIJKLMNOPQRSTUVWXYLMNOPQRSTUVWXYLMNOPQRSTUVWXYLMNOPQRSTUVWXYZ[\]^_`abcdefghiZ[\]^_`abcdefghiZ[\]^_`abcdefghiZ[\]^_`abcdefghijklmnopqqrstuvwxjklmnopqqrstuvwxjklmnopqqrstuvwxjklmnopqqrstuvwxyz{|}~€q‚ƒ„…†‡yz{|}~€q‚ƒ„…†‡yz{|}~€q‚ƒ„…†‡yz{|}~€q‚ƒ„…†‡‰‹q‘’“”•–‰‹q‘’“”•–‰‹q‘’“”•–‰‹q‘’“”•–—™› ΅Ά£—™› ΅Ά£—™› ΅Ά£—™› ΅Ά£¤¥¦§¨©ª«¬­®―°¤¥¦§¨©ª«¬­®―°¤¥¦§¨©ª«¬­®―°¤¥¦§¨©ª«¬­®―°±²³΄µ¶·ΈΉΊ»Ό½ΎΏ±²³΄µ¶·ΈΉΊ»Ό½ΎΏ±²³΄µ¶·ΈΉΊ»Ό½ΎΏ±²³΄µ¶·ΈΉΊ»Ό½ΎΏΐΑΒΓΔΕΖΗΘΙΚΛΜΝΞΐΑΒΓΔΕΖΗΘΙΚΛΜΝΞΐΑΒΓΔΕΖΗΘΙΚΛΜΝΞΐΑΒΓΔΕΖΗΘΙΚΛΜΝΞΟΠΡÒΣΤΥΦΧΨΩΪΫάέΟΠΡÒΣΤΥΦΧΨΩΪΫάέΟΠΡÒΣΤΥΦΧΨΩΪΫάέΟΠΡÒΣΤΥΦΧΨΩΪΫάέήίΰαβγδεζηθικλήίΰαβγδεζηθικλήίΰαβγδεζηθικλήίΰαβγδεζηθικλ	
	
	
	
 !"#$%&'()*+ !"#$%&'()*+ !"#$%&'()*+ !"#$%&'()*+,-./0123456789:;,-./0123456789:;,-./0123456789:;,-./0123456789:;<=>?@ABCDEFGHIJK<=>?@ABCDEFGHIJK<=>?@ABCDEFGHIJK<=>?@ABCDEFGHIJKLMNOPQRSTUVWXYLMNOPQRSTUVWXYLMNOPQRSTUVWXYLMNOPQRSTUVWXYZ[\]^_`abcdefghiZ[\]^_`abcdefghiZ[\]^_`abcdefghiZ[\]^_`abcdefghijklmnopqqrstuvwxjklmnopqqrstuvwxjklmnopqqrstuvwxjklmnopqqrstuvwxyz{|}~€q‚ƒ„…†‡yz{|}~€q‚ƒ„…†‡yz{|}~€q‚ƒ„…†‡yz{|}~€q‚ƒ„…†‡‰‹q‘’“”•–‰‹q‘’“”•–‰‹q‘’“”•–‰‹q‘’“”•–—™› ΅Ά£—™› ΅Ά£—™› ΅Ά£—™› ΅Ά£¤¥¦§¨©ª«¬­®―°¤¥¦§¨©ª«¬­®―°¤¥¦§¨©ª«¬­®―°¤¥¦§¨©ª«¬­®―°±²³΄µ¶·ΈΉΊ»Ό½ΎΏ±²³΄µ¶·ΈΉΊ»Ό½ΎΏ±²³΄µ¶·ΈΉΊ»Ό½ΎΏ±²³΄µ¶·ΈΉΊ»Ό½ΎΏΐΑΒΓΔΕΖΗΘΙΚΛΜΝΞΐΑΒΓΔΕΖΗΘΙΚΛΜΝΞΐΑΒΓΔΕΖΗΘΙΚΛΜΝΞΐΑΒΓΔΕΖΗΘΙΚΛΜΝΞΟΠΡÒΣΤΥΦΧΨΩΪΫάέΟΠΡÒΣΤΥΦΧΨΩΪΫάέΟΠΡÒΣΤΥΦΧΨΩΪΫάέΟΠΡÒΣΤΥΦΧΨΩΪΫάέήίΰαβγδεζηθικλήίΰαβγδεζηθικλήίΰαβγδεζηθικλήίΰαβγδεζηθικλ