	
	
	
	
 !"#$%&' !"#(%) !"#$%&' !"#(%) !"#$%&' !"#(%) !"#$%&' !"#(%)*+,+-*+,+-*+,+-*+,+-./01/2./01/2./01/2./01/23456673456673456673456678$%&' !"#$%&' !98$%&' !"#$%&' !98$%&' !"#$%&' !98$%&' !"#$%&' !9+,+,
+,+,
+,+,
+,+,
//0://0://0://0:6456;6456;6456;6456; !<#$%&= !"#$%) !<#$%&= !"#$%) !<#$%&= !"#$%) !<#$%&= !"#$%)*>,+-*>,+-*>,+-*>,+-.?/@/02.?/@/02.?/@/02.?/@/0234AB456734AB456734AB456734AB45678C%DEFGH#C%DIFGJ8C%DEFGH#C%DIFGJ8C%DEFGH#C%DIFGJ8C%DEFGH#C%DIFGJ	
	
	
	
 !"#$%&' !"#(%) !"#$%&' !"#(%) !"#$%&' !"#(%) !"#$%&' !"#(%)*+,+-*+,+-*+,+-*+,+-./01/2./01/2./01/2./01/23456673456673456673456678$%&' !"#$%&' !98$%&' !"#$%&' !98$%&' !"#$%&' !98$%&' !"#$%&' !9+,+,
+,+,
+,+,
+,+,
//0://0://0://0:6456;6456;6456;6456; !<#$%&= !"#$%) !<#$%&= !"#$%) !<#$%&= !"#$%) !<#$%&= !"#$%)*>,+-*>,+-*>,+-*>,+-.?/@/02.?/@/02.?/@/02.?/@/0234AB456734AB456734AB456734AB45678C%DEFGH#C%DIFGJ8C%DEFGH#C%DIFGJ8C%DEFGH#C%DIFGJ8C%DEFGH#C%DIFGJ	
	
	
	
 !"#$%&' !"#(%) !"#$%&' !"#(%) !"#$%&' !"#(%) !"#$%&' !"#(%)*+,+-*+,+-*+,+-*+,+-./01/2./01/2./01/2./01/23456673456673456673456678$%&' !"#$%&' !98$%&' !"#$%&' !98$%&' !"#$%&' !98$%&' !"#$%&' !9+,+,
+,+,
+,+,
+,+,
//0://0://0://0:6456;6456;6456;6456; !<#$%&= !"#$%) !<#$%&= !"#$%) !<#$%&= !"#$%) !<#$%&= !"#$%)*>,+-*>,+-*>,+-*>,+-.?/@/02.?/@/02.?/@/02.?/@/0234AB456734AB456734AB456734AB45678C%DEFGH#C%DIFGJ8C%DEFGH#C%DIFGJ8C%DEFGH#C%DIFGJ8C%DEFGH#C%DIFGJ	
	
	
	
 !"#$%&' !"#(%) !"#$%&' !"#(%) !"#$%&' !"#(%) !"#$%&' !"#(%)*+,+-*+,+-*+,+-*+,+-./01/2./01/2./01/2./01/23456673456673456673456678$%&' !"#$%&' !98$%&' !"#$%&' !98$%&' !"#$%&' !98$%&' !"#$%&' !9+,+,
+,+,
+,+,
+,+,
//0://0://0://0:6456;6456;6456;6456; !<#$%&= !"#$%) !<#$%&= !"#$%) !<#$%&= !"#$%) !<#$%&= !"#$%)*>,+-*>,+-*>,+-*>,+-.?/@/02.?/@/02.?/@/02.?/@/0234AB456734AB456734AB456734AB45678C%DEFGH#C%DIFGJ8C%DEFGH#C%DIFGJ8C%DEFGH#C%DIFGJ8C%DEFGH#C%DIFGJ