	
	
	
	
    !"#$%&'()*+,-./!"#$%&'()*+,-./!"#$%&'()*+,-./!"#$%&'()*+,-./0123456789:;<=0123456789:;<=0123456789:;<=0123456789:;<=>?@ABCDEFGHIJKLM>?@ABCDEFGHIJKLM>?@ABCDEFGHIJKLM>?@ABCDEFGHIJKLMNOPAQRSTUVWXYZ[\NOPAQRSTUVWXYZ[\NOPAQRSTUVWXYZ[\NOPAQRSTUVWXYZ[\]^_`abcdefghi]^_`abcdefghi]^_`abcdefghi]^_`abcdefghijklmnopqrstuvwxjklmnopqrstuvwxjklmnopqrstuvwxjklmnopqrstuvwxyz{|}~€‚ƒ„…†‡yz{|}~€‚ƒ„…†‡yz{|}~€‚ƒ„…†‡yz{|}~€‚ƒ„…†‡‰‹A‘’“‰‹A‘’“‰‹A‘’“‰‹A‘’“”•–—™› ΅Ά£”•–—™› ΅Ά£”•–—™› ΅Ά£”•–—™› ΅Ά£¤¥¦§¨©ª«¬­®―°±²³¤¥¦§¨©ª«¬­®―°±²³¤¥¦§¨©ª«¬­®―°±²³¤¥¦§¨©ª«¬­®―°±²³΄µ¶·ΈΉΊ»Ό½ΎΏΐΑ΄µ¶·ΈΉΊ»Ό½ΎΏΐΑ΄µ¶·ΈΉΊ»Ό½ΎΏΐΑ΄µ¶·ΈΉΊ»Ό½ΎΏΐΑΒΓΔΕΖΗΘΙΚΛΜΝΞΟΠΒΓΔΕΖΗΘΙΚΛΜΝΞΟΠΒΓΔΕΖΗΘΙΚΛΜΝΞΟΠΒΓΔΕΖΗΘΙΚΛΜΝΞΟΠΡÒΣΤΥΦΧΨΩΪΫάέήίΡÒΣΤΥΦΧΨΩΪΫάέήίΡÒΣΤΥΦΧΨΩΪΫάέήίΡÒΣΤΥΦΧΨΩΪΫάέήίΰαβγδεζηθικλμνξοΰαβγδεζηθικλμνξοΰαβγδεζηθικλμνξοΰαβγδεζηθικλμνξο	
	
	
	
    !"#$%&'()*+,-./!"#$%&'()*+,-./!"#$%&'()*+,-./!"#$%&'()*+,-./0123456789:;<=0123456789:;<=0123456789:;<=0123456789:;<=>?@ABCDEFGHIJKLM>?@ABCDEFGHIJKLM>?@ABCDEFGHIJKLM>?@ABCDEFGHIJKLMNOPAQRSTUVWXYZ[\NOPAQRSTUVWXYZ[\NOPAQRSTUVWXYZ[\NOPAQRSTUVWXYZ[\]^_`abcdefghi]^_`abcdefghi]^_`abcdefghi]^_`abcdefghijklmnopqrstuvwxjklmnopqrstuvwxjklmnopqrstuvwxjklmnopqrstuvwxyz{|}~€‚ƒ„…†‡yz{|}~€‚ƒ„…†‡yz{|}~€‚ƒ„…†‡yz{|}~€‚ƒ„…†‡‰‹A‘’“‰‹A‘’“‰‹A‘’“‰‹A‘’“”•–—™› ΅Ά£”•–—™› ΅Ά£”•–—™› ΅Ά£”•–—™› ΅Ά£¤¥¦§¨©ª«¬­®―°±²³¤¥¦§¨©ª«¬­®―°±²³¤¥¦§¨©ª«¬­®―°±²³¤¥¦§¨©ª«¬­®―°±²³΄µ¶·ΈΉΊ»Ό½ΎΏΐΑ΄µ¶·ΈΉΊ»Ό½ΎΏΐΑ΄µ¶·ΈΉΊ»Ό½ΎΏΐΑ΄µ¶·ΈΉΊ»Ό½ΎΏΐΑΒΓΔΕΖΗΘΙΚΛΜΝΞΟΠΒΓΔΕΖΗΘΙΚΛΜΝΞΟΠΒΓΔΕΖΗΘΙΚΛΜΝΞΟΠΒΓΔΕΖΗΘΙΚΛΜΝΞΟΠΡÒΣΤΥΦΧΨΩΪΫάέήίΡÒΣΤΥΦΧΨΩΪΫάέήίΡÒΣΤΥΦΧΨΩΪΫάέήίΡÒΣΤΥΦΧΨΩΪΫάέήίΰαβγδεζηθικλμνξοΰαβγδεζηθικλμνξοΰαβγδεζηθικλμνξοΰαβγδεζηθικλμνξο	
	
	
	
    !"#$%&'()*+,-./!"#$%&'()*+,-./!"#$%&'()*+,-./!"#$%&'()*+,-./0123456789:;<=0123456789:;<=0123456789:;<=0123456789:;<=>?@ABCDEFGHIJKLM>?@ABCDEFGHIJKLM>?@ABCDEFGHIJKLM>?@ABCDEFGHIJKLMNOPAQRSTUVWXYZ[\NOPAQRSTUVWXYZ[\NOPAQRSTUVWXYZ[\NOPAQRSTUVWXYZ[\]^_`abcdefghi]^_`abcdefghi]^_`abcdefghi]^_`abcdefghijklmnopqrstuvwxjklmnopqrstuvwxjklmnopqrstuvwxjklmnopqrstuvwxyz{|}~€‚ƒ„…†‡yz{|}~€‚ƒ„…†‡yz{|}~€‚ƒ„…†‡yz{|}~€‚ƒ„…†‡‰‹A‘’“‰‹A‘’“‰‹A‘’“‰‹A‘’“”•–—™› ΅Ά£”•–—™› ΅Ά£”•–—™› ΅Ά£”•–—™› ΅Ά£¤¥¦§¨©ª«¬­®―°±²³¤¥¦§¨©ª«¬­®―°±²³¤¥¦§¨©ª«¬­®―°±²³¤¥¦§¨©ª«¬­®―°±²³΄µ¶·ΈΉΊ»Ό½ΎΏΐΑ΄µ¶·ΈΉΊ»Ό½ΎΏΐΑ΄µ¶·ΈΉΊ»Ό½ΎΏΐΑ΄µ¶·ΈΉΊ»Ό½ΎΏΐΑΒΓΔΕΖΗΘΙΚΛΜΝΞΟΠΒΓΔΕΖΗΘΙΚΛΜΝΞΟΠΒΓΔΕΖΗΘΙΚΛΜΝΞΟΠΒΓΔΕΖΗΘΙΚΛΜΝΞΟΠΡÒΣΤΥΦΧΨΩΪΫάέήίΡÒΣΤΥΦΧΨΩΪΫάέήίΡÒΣΤΥΦΧΨΩΪΫάέήίΡÒΣΤΥΦΧΨΩΪΫάέήίΰαβγδεζηθικλμνξοΰαβγδεζηθικλμνξοΰαβγδεζηθικλμνξοΰαβγδεζηθικλμνξο	
	
	
	
    !"#$%&'()*+,-./!"#$%&'()*+,-./!"#$%&'()*+,-./!"#$%&'()*+,-./0123456789:;<=0123456789:;<=0123456789:;<=0123456789:;<=>?@ABCDEFGHIJKLM>?@ABCDEFGHIJKLM>?@ABCDEFGHIJKLM>?@ABCDEFGHIJKLMNOPAQRSTUVWXYZ[\NOPAQRSTUVWXYZ[\NOPAQRSTUVWXYZ[\NOPAQRSTUVWXYZ[\]^_`abcdefghi]^_`abcdefghi]^_`abcdefghi]^_`abcdefghijklmnopqrstuvwxjklmnopqrstuvwxjklmnopqrstuvwxjklmnopqrstuvwxyz{|}~€‚ƒ„…†‡yz{|}~€‚ƒ„…†‡yz{|}~€‚ƒ„…†‡yz{|}~€‚ƒ„…†‡‰‹A‘’“‰‹A‘’“‰‹A‘’“‰‹A‘’“”•–—™› ΅Ά£”•–—™› ΅Ά£”•–—™› ΅Ά£”•–—™› ΅Ά£¤¥¦§¨©ª«¬­®―°±²³¤¥¦§¨©ª«¬­®―°±²³¤¥¦§¨©ª«¬­®―°±²³¤¥¦§¨©ª«¬­®―°±²³΄µ¶·ΈΉΊ»Ό½ΎΏΐΑ΄µ¶·ΈΉΊ»Ό½ΎΏΐΑ΄µ¶·ΈΉΊ»Ό½ΎΏΐΑ΄µ¶·ΈΉΊ»Ό½ΎΏΐΑΒΓΔΕΖΗΘΙΚΛΜΝΞΟΠΒΓΔΕΖΗΘΙΚΛΜΝΞΟΠΒΓΔΕΖΗΘΙΚΛΜΝΞΟΠΒΓΔΕΖΗΘΙΚΛΜΝΞΟΠΡÒΣΤΥΦΧΨΩΪΫάέήίΡÒΣΤΥΦΧΨΩΪΫάέήίΡÒΣΤΥΦΧΨΩΪΫάέήίΡÒΣΤΥΦΧΨΩΪΫάέήίΰαβγδεζηθικλμνξοΰαβγδεζηθικλμνξοΰαβγδεζηθικλμνξοΰαβγδεζηθικλμνξο