	
	
	
	
 !"#$"%&'( !"#$"%&'( !"#$"%&'( !"#$"%&'()*+,-./-,01)*+,-./-,01)*+,-./-,01)*+,-./-,01	
233334	
233334	
233334	
233334566756675667566789:&;<= >9?89:&;<= >9?89:&;<= >9?89:&;<= >9?/-,0@A*+,-B/-,0@A*+,-B/-,0@A*+,-B/-,0@A*+,-BCCD	
ECCCCD	
ECCCCD	
ECCCCD	
ECC67F667F667F667F6= GHIJHKL;<= GHIJHKL;<= GHIJHKL;<= GHIJHKL;<)*+MNOPNM01)*+MNOPNM01)*+MNOPNM01)*+MNOPNM01	
Q3333R	
Q3333R	
Q3333R	
Q3333R5667566756675667JHK&;<= SHTJHK&;<= SHTJHK&;<= SHTJHK&;<= SHTPNM0@A*UMNVPNM0@A*UMNVPNM0@A*UMNVPNM0@A*UMNV	
	
	
	
 !"#$"%&'( !"#$"%&'( !"#$"%&'( !"#$"%&'()*+,-./-,01)*+,-./-,01)*+,-./-,01)*+,-./-,01	
233334	
233334	
233334	
233334566756675667566789:&;<= >9?89:&;<= >9?89:&;<= >9?89:&;<= >9?/-,0@A*+,-B/-,0@A*+,-B/-,0@A*+,-B/-,0@A*+,-BCCD	
ECCCCD	
ECCCCD	
ECCCCD	
ECC67F667F667F667F6= GHIJHKL;<= GHIJHKL;<= GHIJHKL;<= GHIJHKL;<)*+MNOPNM01)*+MNOPNM01)*+MNOPNM01)*+MNOPNM01	
Q3333R	
Q3333R	
Q3333R	
Q3333R5667566756675667JHK&;<= SHTJHK&;<= SHTJHK&;<= SHTJHK&;<= SHTPNM0@A*UMNVPNM0@A*UMNVPNM0@A*UMNVPNM0@A*UMNV	
	
	
	
 !"#$"%&'( !"#$"%&'( !"#$"%&'( !"#$"%&'()*+,-./-,01)*+,-./-,01)*+,-./-,01)*+,-./-,01	
233334	
233334	
233334	
233334566756675667566789:&;<= >9?89:&;<= >9?89:&;<= >9?89:&;<= >9?/-,0@A*+,-B/-,0@A*+,-B/-,0@A*+,-B/-,0@A*+,-BCCD	
ECCCCD	
ECCCCD	
ECCCCD	
ECC67F667F667F667F6= GHIJHKL;<= GHIJHKL;<= GHIJHKL;<= GHIJHKL;<)*+MNOPNM01)*+MNOPNM01)*+MNOPNM01)*+MNOPNM01	
Q3333R	
Q3333R	
Q3333R	
Q3333R5667566756675667JHK&;<= SHTJHK&;<= SHTJHK&;<= SHTJHK&;<= SHTPNM0@A*UMNVPNM0@A*UMNVPNM0@A*UMNVPNM0@A*UMNV	
	
	
	
 !"#$"%&'( !"#$"%&'( !"#$"%&'( !"#$"%&'()*+,-./-,01)*+,-./-,01)*+,-./-,01)*+,-./-,01	
233334	
233334	
233334	
233334566756675667566789:&;<= >9?89:&;<= >9?89:&;<= >9?89:&;<= >9?/-,0@A*+,-B/-,0@A*+,-B/-,0@A*+,-B/-,0@A*+,-BCCD	
ECCCCD	
ECCCCD	
ECCCCD	
ECC67F667F667F667F6= GHIJHKL;<= GHIJHKL;<= GHIJHKL;<= GHIJHKL;<)*+MNOPNM01)*+MNOPNM01)*+MNOPNM01)*+MNOPNM01	
Q3333R	
Q3333R	
Q3333R	
Q3333R5667566756675667JHK&;<= SHTJHK&;<= SHTJHK&;<= SHTJHK&;<= SHTPNM0@A*UMNVPNM0@A*UMNVPNM0@A*UMNVPNM0@A*UMNV