	
	
	
	
 !" !" !" !"#$%&'()*(+,-./0#$%&'()*(+,-./0#$%&'()*(+,-./0#$%&'()*(+,-./012332456712332456712332456712332456789:;;:9<=6>89:;;:9<=6>89:;;:9<=6>89:;;:9<=6>?@ABCDEFGHIJKL?@ABCDEFGHIJKL?@ABCDEFGHIJKL?@ABCDEFGHIJKLM3NO3PQRS6TUVM3NO3PQRS6TUVM3NO3PQRS6TUVM3NO3PQRS6TUVW3NX3PYZS6[U\W3NX3PYZS6[U\W3NX3PYZS6[U\W3NX3PYZS6[U\]^_`abcdefIghi]^_`abcdefIghi]^_`abcdefIghi]^_`abcdefIghijkl6mnoopqrsjkl6mnoopqrsjkl6mnoopqrsjkl6mnoopqrstuv66wxyz{tuv66wxyz{tuv66wxyz{tuv66wxyz{|}~АБВГДЕЖЗИЙК|}~АБВГДЕЖЗИЙК|}~АБВГДЕЖЗИЙК|}~АБВГДЕЖЗИЙКЛМНОПРСТУФХЦ3ЧЛМНОПРСТУФХЦ3ЧЛМНОПРСТУФХЦ3ЧЛМНОПРСТУФХЦ3ЧШ6ЩЪЫ66Ь33Э33ЮШ6ЩЪЫ66Ь33Э33ЮШ6ЩЪЫ66Ь33Э33ЮШ6ЩЪЫ66Ь33Э33ЮЯабвгдежзийклЯабвгдежзийклЯабвгдежзийклЯабвгдежзийкл	
	
	
	
 !" !" !" !"#$%&'()*(+,-./0#$%&'()*(+,-./0#$%&'()*(+,-./0#$%&'()*(+,-./012332456712332456712332456712332456789:;;:9<=6>89:;;:9<=6>89:;;:9<=6>89:;;:9<=6>?@ABCDEFGHIJKL?@ABCDEFGHIJKL?@ABCDEFGHIJKL?@ABCDEFGHIJKLM3NO3PQRS6TUVM3NO3PQRS6TUVM3NO3PQRS6TUVM3NO3PQRS6TUVW3NX3PYZS6[U\W3NX3PYZS6[U\W3NX3PYZS6[U\W3NX3PYZS6[U\]^_`abcdefIghi]^_`abcdefIghi]^_`abcdefIghi]^_`abcdefIghijkl6mnoopqrsjkl6mnoopqrsjkl6mnoopqrsjkl6mnoopqrstuv66wxyz{tuv66wxyz{tuv66wxyz{tuv66wxyz{|}~АБВГДЕЖЗИЙК|}~АБВГДЕЖЗИЙК|}~АБВГДЕЖЗИЙК|}~АБВГДЕЖЗИЙКЛМНОПРСТУФХЦ3ЧЛМНОПРСТУФХЦ3ЧЛМНОПРСТУФХЦ3ЧЛМНОПРСТУФХЦ3ЧШ6ЩЪЫ66Ь33Э33ЮШ6ЩЪЫ66Ь33Э33ЮШ6ЩЪЫ66Ь33Э33ЮШ6ЩЪЫ66Ь33Э33ЮЯабвгдежзийклЯабвгдежзийклЯабвгдежзийклЯабвгдежзийкл	
	
	
	
 !" !" !" !"#$%&'()*(+,-./0#$%&'()*(+,-./0#$%&'()*(+,-./0#$%&'()*(+,-./012332456712332456712332456712332456789:;;:9<=6>89:;;:9<=6>89:;;:9<=6>89:;;:9<=6>?@ABCDEFGHIJKL?@ABCDEFGHIJKL?@ABCDEFGHIJKL?@ABCDEFGHIJKLM3NO3PQRS6TUVM3NO3PQRS6TUVM3NO3PQRS6TUVM3NO3PQRS6TUVW3NX3PYZS6[U\W3NX3PYZS6[U\W3NX3PYZS6[U\W3NX3PYZS6[U\]^_`abcdefIghi]^_`abcdefIghi]^_`abcdefIghi]^_`abcdefIghijkl6mnoopqrsjkl6mnoopqrsjkl6mnoopqrsjkl6mnoopqrstuv66wxyz{tuv66wxyz{tuv66wxyz{tuv66wxyz{|}~АБВГДЕЖЗИЙК|}~АБВГДЕЖЗИЙК|}~АБВГДЕЖЗИЙК|}~АБВГДЕЖЗИЙКЛМНОПРСТУФХЦ3ЧЛМНОПРСТУФХЦ3ЧЛМНОПРСТУФХЦ3ЧЛМНОПРСТУФХЦ3ЧШ6ЩЪЫ66Ь33Э33ЮШ6ЩЪЫ66Ь33Э33ЮШ6ЩЪЫ66Ь33Э33ЮШ6ЩЪЫ66Ь33Э33ЮЯабвгдежзийклЯабвгдежзийклЯабвгдежзийклЯабвгдежзийкл	
	
	
	
 !" !" !" !"#$%&'()*(+,-./0#$%&'()*(+,-./0#$%&'()*(+,-./0#$%&'()*(+,-./012332456712332456712332456712332456789:;;:9<=6>89:;;:9<=6>89:;;:9<=6>89:;;:9<=6>?@ABCDEFGHIJKL?@ABCDEFGHIJKL?@ABCDEFGHIJKL?@ABCDEFGHIJKLM3NO3PQRS6TUVM3NO3PQRS6TUVM3NO3PQRS6TUVM3NO3PQRS6TUVW3NX3PYZS6[U\W3NX3PYZS6[U\W3NX3PYZS6[U\W3NX3PYZS6[U\]^_`abcdefIghi]^_`abcdefIghi]^_`abcdefIghi]^_`abcdefIghijkl6mnoopqrsjkl6mnoopqrsjkl6mnoopqrsjkl6mnoopqrstuv66wxyz{tuv66wxyz{tuv66wxyz{tuv66wxyz{|}~АБВГДЕЖЗИЙК|}~АБВГДЕЖЗИЙК|}~АБВГДЕЖЗИЙК|}~АБВГДЕЖЗИЙКЛМНОПРСТУФХЦ3ЧЛМНОПРСТУФХЦ3ЧЛМНОПРСТУФХЦ3ЧЛМНОПРСТУФХЦ3ЧШ6ЩЪЫ66Ь33Э33ЮШ6ЩЪЫ66Ь33Э33ЮШ6ЩЪЫ66Ь33Э33ЮШ6ЩЪЫ66Ь33Э33ЮЯабвгдежзийклЯабвгдежзийклЯабвгдежзийклЯабвгдежзийкл