	
	
	
	
    !"#$%&'()*+,-./0!"#$%&'()*+,-./0!"#$%&'()*+,-./0!"#$%&'()*+,-./0123456789:;<=>?123456789:;<=>?123456789:;<=>?123456789:;<=>?@ABCDEFGHIJKLMNO@ABCDEFGHIJKLMNO@ABCDEFGHIJKLMNO@ABCDEFGHIJKLMNOPQRSTUVWWXYZ[\]^PQRSTUVWWXYZ[\]^PQRSTUVWWXYZ[\]^PQRSTUVWWXYZ[\]^_`abcdefghijklm_`abcdefghijklm_`abcdefghijklm_`abcdefghijklmnopqrstuvwxyz{|}nopqrstuvwxyz{|}nopqrstuvwxyz{|}nopqrstuvwxyz{|}~─│┌┐└┘├┤┬┴┼▀|▄~─│┌┐└┘├┤┬┴┼▀|▄~─│┌┐└┘├┤┬┴┼▀|▄~─│┌┐└┘├┤┬┴┼▀|▄█▌▐░▒▓⌠■∙√≈≤≥ ⌡█▌▐░▒▓⌠■∙√≈≤≥ ⌡█▌▐░▒▓⌠■∙√≈≤≥ ⌡█▌▐░▒▓⌠■∙√≈≤≥ ⌡°²·÷═║╒ё╓╔╕╖╗·²°°²·÷═║╒ё╓╔╕╖╗·²°°²·÷═║╒ё╓╔╕╖╗·²°°²·÷═║╒ё╓╔╕╖╗·²°╘╙╚╛╜╝╞╟╠╡Ё╢╣╚╙╘╘╙╚╛╜╝╞╟╠╡Ё╢╣╚╙╘╘╙╚╛╜╝╞╟╠╡Ё╢╣╚╙╘╘╙╚╛╜╝╞╟╠╡Ё╢╣╚╙╘╤╥╦╧╨╩╪╫╬©юаб╦╥╤╤╥╦╧╨╩╪╫╬©юаб╦╥╤╤╥╦╧╨╩╪╫╬©юаб╦╥╤╤╥╦╧╨╩╪╫╬©юаб╦╥╤цдеф%&'()гхийедццдеф%&'()гхийедццдеф%&'()гхийедццдеф%&'()гхийедцклмнопярмлкклмнопярмлкклмнопярмлкклмнопярмлкстуж	вьызутшстуж	вьызутшстуж	вьызутшстуж	вьызутш	
	
	
	
    !"#$%&'()*+,-./0!"#$%&'()*+,-./0!"#$%&'()*+,-./0!"#$%&'()*+,-./0123456789:;<=>?123456789:;<=>?123456789:;<=>?123456789:;<=>?@ABCDEFGHIJKLMNO@ABCDEFGHIJKLMNO@ABCDEFGHIJKLMNO@ABCDEFGHIJKLMNOPQRSTUVWWXYZ[\]^PQRSTUVWWXYZ[\]^PQRSTUVWWXYZ[\]^PQRSTUVWWXYZ[\]^_`abcdefghijklm_`abcdefghijklm_`abcdefghijklm_`abcdefghijklmnopqrstuvwxyz{|}nopqrstuvwxyz{|}nopqrstuvwxyz{|}nopqrstuvwxyz{|}~─│┌┐└┘├┤┬┴┼▀|▄~─│┌┐└┘├┤┬┴┼▀|▄~─│┌┐└┘├┤┬┴┼▀|▄~─│┌┐└┘├┤┬┴┼▀|▄█▌▐░▒▓⌠■∙√≈≤≥ ⌡█▌▐░▒▓⌠■∙√≈≤≥ ⌡█▌▐░▒▓⌠■∙√≈≤≥ ⌡█▌▐░▒▓⌠■∙√≈≤≥ ⌡°²·÷═║╒ё╓╔╕╖╗·²°°²·÷═║╒ё╓╔╕╖╗·²°°²·÷═║╒ё╓╔╕╖╗·²°°²·÷═║╒ё╓╔╕╖╗·²°╘╙╚╛╜╝╞╟╠╡Ё╢╣╚╙╘╘╙╚╛╜╝╞╟╠╡Ё╢╣╚╙╘╘╙╚╛╜╝╞╟╠╡Ё╢╣╚╙╘╘╙╚╛╜╝╞╟╠╡Ё╢╣╚╙╘╤╥╦╧╨╩╪╫╬©юаб╦╥╤╤╥╦╧╨╩╪╫╬©юаб╦╥╤╤╥╦╧╨╩╪╫╬©юаб╦╥╤╤╥╦╧╨╩╪╫╬©юаб╦╥╤цдеф%&'()гхийедццдеф%&'()гхийедццдеф%&'()гхийедццдеф%&'()гхийедцклмнопярмлкклмнопярмлкклмнопярмлкклмнопярмлкстуж	вьызутшстуж	вьызутшстуж	вьызутшстуж	вьызутш	
	
	
	
    !"#$%&'()*+,-./0!"#$%&'()*+,-./0!"#$%&'()*+,-./0!"#$%&'()*+,-./0123456789:;<=>?123456789:;<=>?123456789:;<=>?123456789:;<=>?@ABCDEFGHIJKLMNO@ABCDEFGHIJKLMNO@ABCDEFGHIJKLMNO@ABCDEFGHIJKLMNOPQRSTUVWWXYZ[\]^PQRSTUVWWXYZ[\]^PQRSTUVWWXYZ[\]^PQRSTUVWWXYZ[\]^_`abcdefghijklm_`abcdefghijklm_`abcdefghijklm_`abcdefghijklmnopqrstuvwxyz{|}nopqrstuvwxyz{|}nopqrstuvwxyz{|}nopqrstuvwxyz{|}~─│┌┐└┘├┤┬┴┼▀|▄~─│┌┐└┘├┤┬┴┼▀|▄~─│┌┐└┘├┤┬┴┼▀|▄~─│┌┐└┘├┤┬┴┼▀|▄█▌▐░▒▓⌠■∙√≈≤≥ ⌡█▌▐░▒▓⌠■∙√≈≤≥ ⌡█▌▐░▒▓⌠■∙√≈≤≥ ⌡█▌▐░▒▓⌠■∙√≈≤≥ ⌡°²·÷═║╒ё╓╔╕╖╗·²°°²·÷═║╒ё╓╔╕╖╗·²°°²·÷═║╒ё╓╔╕╖╗·²°°²·÷═║╒ё╓╔╕╖╗·²°╘╙╚╛╜╝╞╟╠╡Ё╢╣╚╙╘╘╙╚╛╜╝╞╟╠╡Ё╢╣╚╙╘╘╙╚╛╜╝╞╟╠╡Ё╢╣╚╙╘╘╙╚╛╜╝╞╟╠╡Ё╢╣╚╙╘╤╥╦╧╨╩╪╫╬©юаб╦╥╤╤╥╦╧╨╩╪╫╬©юаб╦╥╤╤╥╦╧╨╩╪╫╬©юаб╦╥╤╤╥╦╧╨╩╪╫╬©юаб╦╥╤цдеф%&'()гхийедццдеф%&'()гхийедццдеф%&'()гхийедццдеф%&'()гхийедцклмнопярмлкклмнопярмлкклмнопярмлкклмнопярмлкстуж	вьызутшстуж	вьызутшстуж	вьызутшстуж	вьызутш	
	
	
	
    !"#$%&'()*+,-./0!"#$%&'()*+,-./0!"#$%&'()*+,-./0!"#$%&'()*+,-./0123456789:;<=>?123456789:;<=>?123456789:;<=>?123456789:;<=>?@ABCDEFGHIJKLMNO@ABCDEFGHIJKLMNO@ABCDEFGHIJKLMNO@ABCDEFGHIJKLMNOPQRSTUVWWXYZ[\]^PQRSTUVWWXYZ[\]^PQRSTUVWWXYZ[\]^PQRSTUVWWXYZ[\]^_`abcdefghijklm_`abcdefghijklm_`abcdefghijklm_`abcdefghijklmnopqrstuvwxyz{|}nopqrstuvwxyz{|}nopqrstuvwxyz{|}nopqrstuvwxyz{|}~─│┌┐└┘├┤┬┴┼▀|▄~─│┌┐└┘├┤┬┴┼▀|▄~─│┌┐└┘├┤┬┴┼▀|▄~─│┌┐└┘├┤┬┴┼▀|▄█▌▐░▒▓⌠■∙√≈≤≥ ⌡█▌▐░▒▓⌠■∙√≈≤≥ ⌡█▌▐░▒▓⌠■∙√≈≤≥ ⌡█▌▐░▒▓⌠■∙√≈≤≥ ⌡°²·÷═║╒ё╓╔╕╖╗·²°°²·÷═║╒ё╓╔╕╖╗·²°°²·÷═║╒ё╓╔╕╖╗·²°°²·÷═║╒ё╓╔╕╖╗·²°╘╙╚╛╜╝╞╟╠╡Ё╢╣╚╙╘╘╙╚╛╜╝╞╟╠╡Ё╢╣╚╙╘╘╙╚╛╜╝╞╟╠╡Ё╢╣╚╙╘╘╙╚╛╜╝╞╟╠╡Ё╢╣╚╙╘╤╥╦╧╨╩╪╫╬©юаб╦╥╤╤╥╦╧╨╩╪╫╬©юаб╦╥╤╤╥╦╧╨╩╪╫╬©юаб╦╥╤╤╥╦╧╨╩╪╫╬©юаб╦╥╤цдеф%&'()гхийедццдеф%&'()гхийедццдеф%&'()гхийедццдеф%&'()гхийедцклмнопярмлкклмнопярмлкклмнопярмлкклмнопярмлкстуж	вьызутшстуж	вьызутшстуж	вьызутшстуж	вьызутш