	
	
	
	
    !"#$%&'()*+,-./0!"#$%&'()*+,-./0!"#$%&'()*+,-./0!"#$%&'()*+,-./0123456789:;<=>?@123456789:;<=>?@123456789:;<=>?@123456789:;<=>?@ABCDEFGHIJKLMNOPABCDEFGHIJKLMNOPABCDEFGHIJKLMNOPABCDEFGHIJKLMNOPQRSTUVWXYZ[\]^_`QRSTUVWXYZ[\]^_`QRSTUVWXYZ[\]^_`QRSTUVWXYZ[\]^_`abcdefghijklmnopabcdefghijklmnopabcdefghijklmnopabcdefghijklmnopqrstuvwxyz{|}~qrstuvwxyz{|}~qrstuvwxyz{|}~qrstuvwxyz{|}~€s‚ƒ„…†‡‰‹€s‚ƒ„…†‡‰‹€s‚ƒ„…†‡‰‹€s‚ƒ„…†‡‰‹‘’“”•–—™›‘’“”•–—™›‘’“”•–—™›‘’“”•–—™› %΅Ά£¤¥¦§¨©ª«¬ %΅Ά£¤¥¦§¨©ª«¬ %΅Ά£¤¥¦§¨©ª«¬ %΅Ά£¤¥¦§¨©ª«¬­®―°±²³΄µ¶·ΈΉΊ»Ό­®―°±²³΄µ¶·ΈΉΊ»Ό­®―°±²³΄µ¶·ΈΉΊ»Ό­®―°±²³΄µ¶·ΈΉΊ»Ό½ΎΏΐΑΒΓΔΕΖΗΘΙΚΛΜ½ΎΏΐΑΒΓΔΕΖΗΘΙΚΛΜ½ΎΏΐΑΒΓΔΕΖΗΘΙΚΛΜ½ΎΏΐΑΒΓΔΕΖΗΘΙΚΛΜΝΞΟΠ%ΡÒΣΤΥΦ,ΧΨΩΪΝΞΟΠ%ΡÒΣΤΥΦ,ΧΨΩΪΝΞΟΠ%ΡÒΣΤΥΦ,ΧΨΩΪΝΞΟΠ%ΡÒΣΤΥΦ,ΧΨΩΪΫάέήίΰαβγδεζηθικΫάέήίΰαβγδεζηθικΫάέήίΰαβγδεζηθικΫάέήίΰαβγδεζηθικλμνξοπρςστυφχψλμνξοπρςστυφχψλμνξοπρςστυφχψλμνξοπρςστυφχψ	
	
	
	
    !"#$%&'()*+,-./0!"#$%&'()*+,-./0!"#$%&'()*+,-./0!"#$%&'()*+,-./0123456789:;<=>?@123456789:;<=>?@123456789:;<=>?@123456789:;<=>?@ABCDEFGHIJKLMNOPABCDEFGHIJKLMNOPABCDEFGHIJKLMNOPABCDEFGHIJKLMNOPQRSTUVWXYZ[\]^_`QRSTUVWXYZ[\]^_`QRSTUVWXYZ[\]^_`QRSTUVWXYZ[\]^_`abcdefghijklmnopabcdefghijklmnopabcdefghijklmnopabcdefghijklmnopqrstuvwxyz{|}~qrstuvwxyz{|}~qrstuvwxyz{|}~qrstuvwxyz{|}~€s‚ƒ„…†‡‰‹€s‚ƒ„…†‡‰‹€s‚ƒ„…†‡‰‹€s‚ƒ„…†‡‰‹‘’“”•–—™›‘’“”•–—™›‘’“”•–—™›‘’“”•–—™› %΅Ά£¤¥¦§¨©ª«¬ %΅Ά£¤¥¦§¨©ª«¬ %΅Ά£¤¥¦§¨©ª«¬ %΅Ά£¤¥¦§¨©ª«¬­®―°±²³΄µ¶·ΈΉΊ»Ό­®―°±²³΄µ¶·ΈΉΊ»Ό­®―°±²³΄µ¶·ΈΉΊ»Ό­®―°±²³΄µ¶·ΈΉΊ»Ό½ΎΏΐΑΒΓΔΕΖΗΘΙΚΛΜ½ΎΏΐΑΒΓΔΕΖΗΘΙΚΛΜ½ΎΏΐΑΒΓΔΕΖΗΘΙΚΛΜ½ΎΏΐΑΒΓΔΕΖΗΘΙΚΛΜΝΞΟΠ%ΡÒΣΤΥΦ,ΧΨΩΪΝΞΟΠ%ΡÒΣΤΥΦ,ΧΨΩΪΝΞΟΠ%ΡÒΣΤΥΦ,ΧΨΩΪΝΞΟΠ%ΡÒΣΤΥΦ,ΧΨΩΪΫάέήίΰαβγδεζηθικΫάέήίΰαβγδεζηθικΫάέήίΰαβγδεζηθικΫάέήίΰαβγδεζηθικλμνξοπρςστυφχψλμνξοπρςστυφχψλμνξοπρςστυφχψλμνξοπρςστυφχψ	
	
	
	
    !"#$%&'()*+,-./0!"#$%&'()*+,-./0!"#$%&'()*+,-./0!"#$%&'()*+,-./0123456789:;<=>?@123456789:;<=>?@123456789:;<=>?@123456789:;<=>?@ABCDEFGHIJKLMNOPABCDEFGHIJKLMNOPABCDEFGHIJKLMNOPABCDEFGHIJKLMNOPQRSTUVWXYZ[\]^_`QRSTUVWXYZ[\]^_`QRSTUVWXYZ[\]^_`QRSTUVWXYZ[\]^_`abcdefghijklmnopabcdefghijklmnopabcdefghijklmnopabcdefghijklmnopqrstuvwxyz{|}~qrstuvwxyz{|}~qrstuvwxyz{|}~qrstuvwxyz{|}~€s‚ƒ„…†‡‰‹€s‚ƒ„…†‡‰‹€s‚ƒ„…†‡‰‹€s‚ƒ„…†‡‰‹‘’“”•–—™›‘’“”•–—™›‘’“”•–—™›‘’“”•–—™› %΅Ά£¤¥¦§¨©ª«¬ %΅Ά£¤¥¦§¨©ª«¬ %΅Ά£¤¥¦§¨©ª«¬ %΅Ά£¤¥¦§¨©ª«¬­®―°±²³΄µ¶·ΈΉΊ»Ό­®―°±²³΄µ¶·ΈΉΊ»Ό­®―°±²³΄µ¶·ΈΉΊ»Ό­®―°±²³΄µ¶·ΈΉΊ»Ό½ΎΏΐΑΒΓΔΕΖΗΘΙΚΛΜ½ΎΏΐΑΒΓΔΕΖΗΘΙΚΛΜ½ΎΏΐΑΒΓΔΕΖΗΘΙΚΛΜ½ΎΏΐΑΒΓΔΕΖΗΘΙΚΛΜΝΞΟΠ%ΡÒΣΤΥΦ,ΧΨΩΪΝΞΟΠ%ΡÒΣΤΥΦ,ΧΨΩΪΝΞΟΠ%ΡÒΣΤΥΦ,ΧΨΩΪΝΞΟΠ%ΡÒΣΤΥΦ,ΧΨΩΪΫάέήίΰαβγδεζηθικΫάέήίΰαβγδεζηθικΫάέήίΰαβγδεζηθικΫάέήίΰαβγδεζηθικλμνξοπρςστυφχψλμνξοπρςστυφχψλμνξοπρςστυφχψλμνξοπρςστυφχψ	
	
	
	
    !"#$%&'()*+,-./0!"#$%&'()*+,-./0!"#$%&'()*+,-./0!"#$%&'()*+,-./0123456789:;<=>?@123456789:;<=>?@123456789:;<=>?@123456789:;<=>?@ABCDEFGHIJKLMNOPABCDEFGHIJKLMNOPABCDEFGHIJKLMNOPABCDEFGHIJKLMNOPQRSTUVWXYZ[\]^_`QRSTUVWXYZ[\]^_`QRSTUVWXYZ[\]^_`QRSTUVWXYZ[\]^_`abcdefghijklmnopabcdefghijklmnopabcdefghijklmnopabcdefghijklmnopqrstuvwxyz{|}~qrstuvwxyz{|}~qrstuvwxyz{|}~qrstuvwxyz{|}~€s‚ƒ„…†‡‰‹€s‚ƒ„…†‡‰‹€s‚ƒ„…†‡‰‹€s‚ƒ„…†‡‰‹‘’“”•–—™›‘’“”•–—™›‘’“”•–—™›‘’“”•–—™› %΅Ά£¤¥¦§¨©ª«¬ %΅Ά£¤¥¦§¨©ª«¬ %΅Ά£¤¥¦§¨©ª«¬ %΅Ά£¤¥¦§¨©ª«¬­®―°±²³΄µ¶·ΈΉΊ»Ό­®―°±²³΄µ¶·ΈΉΊ»Ό­®―°±²³΄µ¶·ΈΉΊ»Ό­®―°±²³΄µ¶·ΈΉΊ»Ό½ΎΏΐΑΒΓΔΕΖΗΘΙΚΛΜ½ΎΏΐΑΒΓΔΕΖΗΘΙΚΛΜ½ΎΏΐΑΒΓΔΕΖΗΘΙΚΛΜ½ΎΏΐΑΒΓΔΕΖΗΘΙΚΛΜΝΞΟΠ%ΡÒΣΤΥΦ,ΧΨΩΪΝΞΟΠ%ΡÒΣΤΥΦ,ΧΨΩΪΝΞΟΠ%ΡÒΣΤΥΦ,ΧΨΩΪΝΞΟΠ%ΡÒΣΤΥΦ,ΧΨΩΪΫάέήίΰαβγδεζηθικΫάέήίΰαβγδεζηθικΫάέήίΰαβγδεζηθικΫάέήίΰαβγδεζηθικλμνξοπρςστυφχψλμνξοπρςστυφχψλμνξοπρςστυφχψλμνξοπρςστυφχψ