	
	
	
	
 !"#$%&'( !"#$%&'( !"#$%&'( !"#$%&'()*+,-./012)*+,-./012)*+,-./012)*+,-./0123456789:3456789:3456789:3456789:;<=>?@;<=>?@;<=>?@;<=>?@ABABABAB
CD	
CD	
CD	
CD	EFGEFGEFGEFGHIJKLHIJKLHIJKLHIJKL'(MN!OPQ%R'(MN!OPQ%R'(MN!OPQ%R'(MN!OPQ%R12)*STUV/W12)*STUV/W12)*STUV/W12)*STUV/WXY5Z[89:XY5Z[89:XY5Z[89:XY5Z[89:;<\]^@;<\]^@;<\]^@;<\]^@	
	
	
	
 !"#$%&'( !"#$%&'( !"#$%&'( !"#$%&'()*+,-./012)*+,-./012)*+,-./012)*+,-./0123456789:3456789:3456789:3456789:;<=>?@;<=>?@;<=>?@;<=>?@ABABABAB
CD	
CD	
CD	
CD	EFGEFGEFGEFGHIJKLHIJKLHIJKLHIJKL'(MN!OPQ%R'(MN!OPQ%R'(MN!OPQ%R'(MN!OPQ%R12)*STUV/W12)*STUV/W12)*STUV/W12)*STUV/WXY5Z[89:XY5Z[89:XY5Z[89:XY5Z[89:;<\]^@;<\]^@;<\]^@;<\]^@	
	
	
	
 !"#$%&'( !"#$%&'( !"#$%&'( !"#$%&'()*+,-./012)*+,-./012)*+,-./012)*+,-./0123456789:3456789:3456789:3456789:;<=>?@;<=>?@;<=>?@;<=>?@ABABABAB
CD	
CD	
CD	
CD	EFGEFGEFGEFGHIJKLHIJKLHIJKLHIJKL'(MN!OPQ%R'(MN!OPQ%R'(MN!OPQ%R'(MN!OPQ%R12)*STUV/W12)*STUV/W12)*STUV/W12)*STUV/WXY5Z[89:XY5Z[89:XY5Z[89:XY5Z[89:;<\]^@;<\]^@;<\]^@;<\]^@	
	
	
	
 !"#$%&'( !"#$%&'( !"#$%&'( !"#$%&'()*+,-./012)*+,-./012)*+,-./012)*+,-./0123456789:3456789:3456789:3456789:;<=>?@;<=>?@;<=>?@;<=>?@ABABABAB
CD	
CD	
CD	
CD	EFGEFGEFGEFGHIJKLHIJKLHIJKLHIJKL'(MN!OPQ%R'(MN!OPQ%R'(MN!OPQ%R'(MN!OPQ%R12)*STUV/W12)*STUV/W12)*STUV/W12)*STUV/WXY5Z[89:XY5Z[89:XY5Z[89:XY5Z[89:;<\]^@;<\]^@;<\]^@;<\]^@