	
	
	
	
 !"#$%&'()*+ !"#$%&'()*+ !"#$%&'()*+ !"#$%&'()*+,-./0123456789:;,-./0123456789:;,-./0123456789:;,-./0123456789:;<=>?@ABCDE<=>?@ABCDE<=>?@ABCDE<=>?@ABCDEFGHIJKLMNOPFGHIJKLMNOPFGHIJKLMNOPFGHIJKLMNOPQRSTUVWXYZ[\]^_`QRSTUVWXYZ[\]^_`QRSTUVWXYZ[\]^_`QRSTUVWXYZ[\]^_`abcdefghijabcdefghijabcdefghijabcdefghijklmnop==qrstuklmnop==qrstuklmnop==qrstuklmnop==qrstuvwxyz{|}~€‚ƒ„…vwxyz{|}~€‚ƒ„…vwxyz{|}~€‚ƒ„…vwxyz{|}~€‚ƒ„…†‡ˆ‰Š‹ŒŽ‘†‡ˆ‰Š‹ŒŽ‘†‡ˆ‰Š‹ŒŽ‘†‡ˆ‰Š‹ŒŽ‘’“”•–—˜™š›’“”•–—˜™š›’“”•–—˜™š›’“”•–—˜™š›œžŸ ¡¢£¤¥¦§¨©ª«œžŸ ¡¢£¤¥¦§¨©ª«œžŸ ¡¢£¤¥¦§¨©ª«œžŸ ¡¢£¤¥¦§¨©ª«¬­®¯°±²³´µ¶·¸¹¬­®¯°±²³´µ¶·¸¹¬­®¯°±²³´µ¶·¸¹¬­®¯°±²³´µ¶·¸¹º»¼½¾¿ÀÁÂº»¼½¾¿ÀÁÂº»¼½¾¿ÀÁÂº»¼½¾¿ÀÁÂÃÄÅÆÇÈÉÊËÌÍÎÏÐÑÒÃÄÅÆÇÈÉÊËÌÍÎÏÐÑÒÃÄÅÆÇÈÉÊËÌÍÎÏÐÑÒÃÄÅÆÇÈÉÊËÌÍÎÏÐÑÒ	
	
	
	
 !"#$%&'()*+ !"#$%&'()*+ !"#$%&'()*+ !"#$%&'()*+,-./0123456789:;,-./0123456789:;,-./0123456789:;,-./0123456789:;<=>?@ABCDE<=>?@ABCDE<=>?@ABCDE<=>?@ABCDEFGHIJKLMNOPFGHIJKLMNOPFGHIJKLMNOPFGHIJKLMNOPQRSTUVWXYZ[\]^_`QRSTUVWXYZ[\]^_`QRSTUVWXYZ[\]^_`QRSTUVWXYZ[\]^_`abcdefghijabcdefghijabcdefghijabcdefghijklmnop==qrstuklmnop==qrstuklmnop==qrstuklmnop==qrstuvwxyz{|}~€‚ƒ„…vwxyz{|}~€‚ƒ„…vwxyz{|}~€‚ƒ„…vwxyz{|}~€‚ƒ„…†‡ˆ‰Š‹ŒŽ‘†‡ˆ‰Š‹ŒŽ‘†‡ˆ‰Š‹ŒŽ‘†‡ˆ‰Š‹ŒŽ‘’“”•–—˜™š›’“”•–—˜™š›’“”•–—˜™š›’“”•–—˜™š›œžŸ ¡¢£¤¥¦§¨©ª«œžŸ ¡¢£¤¥¦§¨©ª«œžŸ ¡¢£¤¥¦§¨©ª«œžŸ ¡¢£¤¥¦§¨©ª«¬­®¯°±²³´µ¶·¸¹¬­®¯°±²³´µ¶·¸¹¬­®¯°±²³´µ¶·¸¹¬­®¯°±²³´µ¶·¸¹º»¼½¾¿ÀÁÂº»¼½¾¿ÀÁÂº»¼½¾¿ÀÁÂº»¼½¾¿ÀÁÂÃÄÅÆÇÈÉÊËÌÍÎÏÐÑÒÃÄÅÆÇÈÉÊËÌÍÎÏÐÑÒÃÄÅÆÇÈÉÊËÌÍÎÏÐÑÒÃÄÅÆÇÈÉÊËÌÍÎÏÐÑÒ	
	
	
	
 !"#$%&'()*+ !"#$%&'()*+ !"#$%&'()*+ !"#$%&'()*+,-./0123456789:;,-./0123456789:;,-./0123456789:;,-./0123456789:;<=>?@ABCDE<=>?@ABCDE<=>?@ABCDE<=>?@ABCDEFGHIJKLMNOPFGHIJKLMNOPFGHIJKLMNOPFGHIJKLMNOPQRSTUVWXYZ[\]^_`QRSTUVWXYZ[\]^_`QRSTUVWXYZ[\]^_`QRSTUVWXYZ[\]^_`abcdefghijabcdefghijabcdefghijabcdefghijklmnop==qrstuklmnop==qrstuklmnop==qrstuklmnop==qrstuvwxyz{|}~€‚ƒ„…vwxyz{|}~€‚ƒ„…vwxyz{|}~€‚ƒ„…vwxyz{|}~€‚ƒ„…†‡ˆ‰Š‹ŒŽ‘†‡ˆ‰Š‹ŒŽ‘†‡ˆ‰Š‹ŒŽ‘†‡ˆ‰Š‹ŒŽ‘’“”•–—˜™š›’“”•–—˜™š›’“”•–—˜™š›’“”•–—˜™š›œžŸ ¡¢£¤¥¦§¨©ª«œžŸ ¡¢£¤¥¦§¨©ª«œžŸ ¡¢£¤¥¦§¨©ª«œžŸ ¡¢£¤¥¦§¨©ª«¬­®¯°±²³´µ¶·¸¹¬­®¯°±²³´µ¶·¸¹¬­®¯°±²³´µ¶·¸¹¬­®¯°±²³´µ¶·¸¹º»¼½¾¿ÀÁÂº»¼½¾¿ÀÁÂº»¼½¾¿ÀÁÂº»¼½¾¿ÀÁÂÃÄÅÆÇÈÉÊËÌÍÎÏÐÑÒÃÄÅÆÇÈÉÊËÌÍÎÏÐÑÒÃÄÅÆÇÈÉÊËÌÍÎÏÐÑÒÃÄÅÆÇÈÉÊËÌÍÎÏÐÑÒ	
	
	
	
 !"#$%&'()*+ !"#$%&'()*+ !"#$%&'()*+ !"#$%&'()*+,-./0123456789:;,-./0123456789:;,-./0123456789:;,-./0123456789:;<=>?@ABCDE<=>?@ABCDE<=>?@ABCDE<=>?@ABCDEFGHIJKLMNOPFGHIJKLMNOPFGHIJKLMNOPFGHIJKLMNOPQRSTUVWXYZ[\]^_`QRSTUVWXYZ[\]^_`QRSTUVWXYZ[\]^_`QRSTUVWXYZ[\]^_`abcdefghijabcdefghijabcdefghijabcdefghijklmnop==qrstuklmnop==qrstuklmnop==qrstuklmnop==qrstuvwxyz{|}~€‚ƒ„…vwxyz{|}~€‚ƒ„…vwxyz{|}~€‚ƒ„…vwxyz{|}~€‚ƒ„…†‡ˆ‰Š‹ŒŽ‘†‡ˆ‰Š‹ŒŽ‘†‡ˆ‰Š‹ŒŽ‘†‡ˆ‰Š‹ŒŽ‘’“”•–—˜™š›’“”•–—˜™š›’“”•–—˜™š›’“”•–—˜™š›œžŸ ¡¢£¤¥¦§¨©ª«œžŸ ¡¢£¤¥¦§¨©ª«œžŸ ¡¢£¤¥¦§¨©ª«œžŸ ¡¢£¤¥¦§¨©ª«¬­®¯°±²³´µ¶·¸¹¬­®¯°±²³´µ¶·¸¹¬­®¯°±²³´µ¶·¸¹¬­®¯°±²³´µ¶·¸¹º»¼½¾¿ÀÁÂº»¼½¾¿ÀÁÂº»¼½¾¿ÀÁÂº»¼½¾¿ÀÁÂÃÄÅÆÇÈÉÊËÌÍÎÏÐÑÒÃÄÅÆÇÈÉÊËÌÍÎÏÐÑÒÃÄÅÆÇÈÉÊËÌÍÎÏÐÑÒÃÄÅÆÇÈÉÊËÌÍÎÏÐÑÒ